Begin analyzing SJF:
Job 0 -- Response time: 0  Turnaround: 4  Wait: 0
Average -- Response: 0.00  Turnaround: 4.00  Wait: 0.00
End analyzing SJF.
