Begin analyzing RR:
Job 0 -- Response time: 0  Turnaround: 6  Wait: 0
Average -- Response: 0.00  Turnaround: 6.00  Wait: 0.00
End analyzing RR.
