Execution trace with SJF:
Job 0 ran for: 5
End of execution with SJF.
